ubuntu@ip-172-31-17-181:~$ lsblk
NAME     MAJ:MIN RM    SIZE RO TYPE MOUNTPOINTS
loop0      7:0    0   55.7M  1 loop /snap/core18/2829
loop1      7:1    0   25.2M  1 loop /snap/amazon-ssm-agent/7993
loop2      7:2    0   38.8M  1 loop /snap/snapd/21759
xvda     202:0    0      8G  0 disk
├─xvda1  202:1    0      7G  0 part /
├─xvda2  202:2    0 1023.5K  0 part /mnt/xvda2
├─xvda14 202:14   0      4M  0 part
├─xvda15 202:15   0    106M  0 part /boot/efi
└─xvda16 259:0    0    913M  0 part /boot
ubuntu@ip-172-31-17-181:~$ sudo parted /dev/xvda2 1GB
Usage: parted [OPTION]... [DEVICE [COMMAND [PARAMETERS]...]...]
Apply COMMANDs with PARAMETERS to DEVICE.  If no COMMAND(s) are given, run in
interactive mode.

OPTIONs:
  -h, --help                      displays this help message
  -l, --list                      lists partition layout on all block devices
  -m, --machine                   displays machine parseable output
  -j, --json                      displays JSON output
  -s, --script                    never prompts for user intervention
  -f, --fix                       in script mode, fix instead of abort when asked
  -v, --version                   displays the version
  -a, --align=[none|cyl|min|opt]  alignment for new partitions

COMMANDs:
  align-check TYPE N                       check partition N for TYPE(min|opt) alignment
  help [COMMAND]                           print general help, or help on COMMAND
  mklabel,mktable LABEL-TYPE               create a new disklabel (partition table)
  mkpart PART-TYPE [FS-TYPE] START END     make a partition
  name NUMBER NAME                         name partition NUMBER as NAME
  print [devices|free|list,all]            display the partition table, or available devices, or free space, or all
        found partitions
  quit                                     exit program
  rescue START END                         rescue a lost partition near START and END
  resizepart NUMBER END                    resize partition NUMBER
  rm NUMBER                                delete partition NUMBER
  select DEVICE                            choose the device to edit
  disk_set FLAG STATE                      change the FLAG on selected device
  disk_toggle [FLAG]                       toggle the state of FLAG on selected device
  set NUMBER FLAG STATE                    change the FLAG on partition NUMBER
  toggle [NUMBER [FLAG]]                   toggle the state of FLAG on partition NUMBER
  type NUMBER TYPE-ID or TYPE-UUID         type set TYPE-ID or TYPE-UUID of partition NUMBER
  unit UNIT                                set the default unit to UNIT
  version                                  display the version number and copyright information of GNU Parted

Report bugs to bug-parted@gnu.org
ubuntu@ip-172-31-17-181:~$ sudo parted /dev/xvda2 2 1GB
Usage: parted [OPTION]... [DEVICE [COMMAND [PARAMETERS]...]...]
Apply COMMANDs with PARAMETERS to DEVICE.  If no COMMAND(s) are given, run in
interactive mode.

OPTIONs:
  -h, --help                      displays this help message
  -l, --list                      lists partition layout on all block devices
  -m, --machine                   displays machine parseable output
  -j, --json                      displays JSON output
  -s, --script                    never prompts for user intervention
  -f, --fix                       in script mode, fix instead of abort when asked
  -v, --version                   displays the version
  -a, --align=[none|cyl|min|opt]  alignment for new partitions

COMMANDs:
  align-check TYPE N                       check partition N for TYPE(min|opt) alignment
  help [COMMAND]                           print general help, or help on COMMAND
  mklabel,mktable LABEL-TYPE               create a new disklabel (partition table)
  mkpart PART-TYPE [FS-TYPE] START END     make a partition
  name NUMBER NAME                         name partition NUMBER as NAME
  print [devices|free|list,all]            display the partition table, or available devices, or free space, or all
        found partitions
  quit                                     exit program
  rescue START END                         rescue a lost partition near START and END
  resizepart NUMBER END                    resize partition NUMBER
  rm NUMBER                                delete partition NUMBER
  select DEVICE                            choose the device to edit
  disk_set FLAG STATE                      change the FLAG on selected device
  disk_toggle [FLAG]                       toggle the state of FLAG on selected device
  set NUMBER FLAG STATE                    change the FLAG on partition NUMBER
  toggle [NUMBER [FLAG]]                   toggle the state of FLAG on partition NUMBER
  type NUMBER TYPE-ID or TYPE-UUID         type set TYPE-ID or TYPE-UUID of partition NUMBER
  unit UNIT                                set the default unit to UNIT
  version                                  display the version number and copyright information of GNU Parted

Report bugs to bug-parted@gnu.org
ubuntu@ip-172-31-17-181:~$ sudo parted /dev/xvda2 resize 1GB
Error: The resize command has been removed in parted 3.0
ubuntu@ip-172-31-17-181:~$ sudo parted /dev/xvda2 resizepart 2 1GB
Error: Partition doesn't exist.
ubuntu@ip-172-31-17-181:~$ sudo parted /dev/xvda resizepart 2 1GB
Warning: Partition /dev/xvda2 is being used. Are you sure you want to continue?
Yes/No? Yes
Error: Can't have the end before the start! (start sector=2097153 length=-144027)
ubuntu@ip-172-31-17-181:~$ lsblk
NAME     MAJ:MIN RM    SIZE RO TYPE MOUNTPOINTS
loop0      7:0    0   55.7M  1 loop /snap/core18/2829
loop1      7:1    0   25.2M  1 loop /snap/amazon-ssm-agent/7993
loop2      7:2    0   38.8M  1 loop /snap/snapd/21759
xvda     202:0    0      8G  0 disk
├─xvda1  202:1    0      7G  0 part /
├─xvda2  202:2    0 1023.5K  0 part /mnt/xvda2
├─xvda14 202:14   0      4M  0 part
├─xvda15 202:15   0    106M  0 part /boot/efi
└─xvda16 259:0    0    913M  0 part /boot
ubuntu@ip-172-31-17-181:~$ sudo resize2fs /dev/xvda2 1000M
resize2fs 1.47.0 (5-Feb-2023)
The containing partition (or device) is only 255 (4k) blocks.
You requested a new size of 256000 blocks.

ubuntu@ip-172-31-17-181:~$ lsblk
NAME     MAJ:MIN RM    SIZE RO TYPE MOUNTPOINTS
loop0      7:0    0   55.7M  1 loop /snap/core18/2829
loop1      7:1    0   25.2M  1 loop /snap/amazon-ssm-agent/7993
loop2      7:2    0   38.8M  1 loop /snap/snapd/21759
xvda     202:0    0      8G  0 disk
├─xvda1  202:1    0      7G  0 part /
├─xvda2  202:2    0 1023.5K  0 part /mnt/xvda2
├─xvda14 202:14   0      4M  0 part
├─xvda15 202:15   0    106M  0 part /boot/efi
└─xvda16 259:0    0    913M  0 part /boot
ubuntu@ip-172-31-17-181:~$ lsblk
NAME     MAJ:MIN RM    SIZE RO TYPE MOUNTPOINTS
loop0      7:0    0   55.7M  1 loop /snap/core18/2829
loop1      7:1    0   25.2M  1 loop /snap/amazon-ssm-agent/7993
loop2      7:2    0   38.8M  1 loop /snap/snapd/21759
xvda     202:0    0      8G  0 disk
├─xvda1  202:1    0      7G  0 part /
├─xvda2  202:2    0 1023.5K  0 part /mnt/xvda2
├─xvda14 202:14   0      4M  0 part
├─xvda15 202:15   0    106M  0 part /boot/efi
└─xvda16 259:0    0    913M  0 part /boot
ubuntu@ip-172-31-17-181:~$ lsblk
NAME     MAJ:MIN RM    SIZE RO TYPE MOUNTPOINTS
loop0      7:0    0   55.7M  1 loop /snap/core18/2829
loop1      7:1    0   25.2M  1 loop /snap/amazon-ssm-agent/7993
loop2      7:2    0   38.8M  1 loop /snap/snapd/21759
xvda     202:0    0      8G  0 disk
├─xvda1  202:1    0      7G  0 part /
├─xvda2  202:2    0 1023.5K  0 part /mnt/xvda2
├─xvda14 202:14   0      4M  0 part
├─xvda15 202:15   0    106M  0 part /boot/efi
└─xvda16 259:0    0    913M  0 part /boot
ubuntu@ip-172-31-17-181:~$ sudo reboot now

Broadcast message from root@ip-172-31-17-181 on pts/0 (Mon 2024-10-21 20:02:17 UTC):

The system will reboot now!

ubuntu@ip-172-31-17-181:~$ Connection to ec2-3-15-200-140.us-east-2.compute.amazonaws.com closed by remote host.
Connection to ec2-3-15-200-140.us-east-2.compute.amazonaws.com closed.
➜  ~ ssh -i "SSH-key.pem" ubuntu@ec2-3-15-200-140.us-east-2.compute.amazonaws.com
Warning: Identity file SSH-key.pem not accessible: No such file or directory.
Welcome to Ubuntu 24.04.1 LTS (GNU/Linux 6.8.0-1016-aws x86_64)

 * Documentation:  https://help.ubuntu.com
 * Management:     https://landscape.canonical.com
 * Support:        https://ubuntu.com/pro

 System information as of Mon Oct 21 19:40:43 UTC 2024

  System load:  0.13              Processes:             111
  Usage of /:   23.0% of 6.71GB   Users logged in:       1
  Memory usage: 21%               IPv4 address for enX0: 172.31.17.181
  Swap usage:   0%


Expanded Security Maintenance for Applications is not enabled.

0 updates can be applied immediately.

Enable ESM Apps to receive additional future security updates.
See https://ubuntu.com/esm or run: sudo pro status


The list of available updates is more than a week old.
To check for new updates run: sudo apt update

Last login: Mon Oct 21 19:40:44 2024 from 209.107.196.11
ubuntu@ip-172-31-17-181:~$ lsblk
NAME     MAJ:MIN RM    SIZE RO TYPE MOUNTPOINTS
loop0      7:0    0   25.2M  1 loop /snap/amazon-ssm-agent/7993
loop1      7:1    0   55.7M  1 loop /snap/core18/2829
loop2      7:2    0   38.8M  1 loop /snap/snapd/21759
xvda     202:0    0      8G  0 disk
├─xvda1  202:1    0      7G  0 part /
├─xvda2  202:2    0 1023.5K  0 part
├─xvda14 202:14   0      4M  0 part
├─xvda15 202:15   0    106M  0 part /boot/efi
└─xvda16 259:0    0    913M  0 part /boot
ubuntu@ip-172-31-17-181:~$ sudo resize2fs /dev/xvda2 1000M
resize2fs 1.47.0 (5-Feb-2023)
Please run 'e2fsck -f /dev/xvda2' first.

ubuntu@ip-172-31-17-181:~$ e2fsck -f /dev/xvda2
e2fsck 1.47.0 (5-Feb-2023)
e2fsck: Permission denied while trying to open /dev/xvda2
You must have r/w access to the filesystem or be root
ubuntu@ip-172-31-17-181:~$ sudo e2fsck -f /dev/xvda2
e2fsck 1.47.0 (5-Feb-2023)
Pass 1: Checking inodes, blocks, and sizes
Pass 2: Checking directory structure
Pass 3: Checking directory connectivity
Pass 4: Checking reference counts
Pass 5: Checking group summary information
/dev/xvda2: 11/128 files (0.0% non-contiguous), 18/255 blocks
ubuntu@ip-172-31-17-181:~$ sudo resize2fs /dev/xvda2 1000M
resize2fs 1.47.0 (5-Feb-2023)
The containing partition (or device) is only 255 (4k) blocks.
You requested a new size of 256000 blocks.

ubuntu@ip-172-31-17-181:~$ sudo parted
GNU Parted 3.6
Using /dev/xvda
Welcome to GNU Parted! Type 'help' to view a list of commands.
(parted) print
Model: Xen Virtual Block Device (xvd)
Disk /dev/xvda: 8590MB
Sector size (logical/physical): 512B/512B
Partition Table: gpt
Disk Flags:

Number  Start   End     Size    File system  Name     Flags
14      1049kB  5243kB  4194kB                        bios_grub
15      5243kB  116MB   111MB   fat32                 boot, esp
16      116MB   1074MB  957MB   ext4                  bls_boot
 2      1074MB  1075MB  1048kB  ext2         primary
 1      1075MB  8590MB  7515MB  ext4

(parted) resizepart 2 200000KiB
Error: Can't have the end before the start! (start sector=2097153 length=-1697153)
(parted) resizepart 2 200000MiB
Error: The location 200000MiB is outside of the device /dev/xvda.
(parted) resizepart 2 2000MiB
Error: Can't have overlapping partitions.
(parted) resizepart 2 2000MiB
Error: Can't have overlapping partitions.
(parted) print
Model: Xen Virtual Block Device (xvd)
Disk /dev/xvda: 8590MB
Sector size (logical/physical): 512B/512B
Partition Table: gpt
Disk Flags:

Number  Start   End     Size    File system  Name     Flags
14      1049kB  5243kB  4194kB                        bios_grub
15      5243kB  116MB   111MB   fat32                 boot, esp
16      116MB   1074MB  957MB   ext4                  bls_boot
 2      1074MB  1075MB  1048kB  ext2         primary
 1      1075MB  8590MB  7515MB  ext4

(parted) help
  align-check TYPE N                       check partition N for TYPE(min|opt) alignment
  help [COMMAND]                           print general help, or help on COMMAND
  mklabel,mktable LABEL-TYPE               create a new disklabel (partition table)
  mkpart PART-TYPE [FS-TYPE] START END     make a partition
  name NUMBER NAME                         name partition NUMBER as NAME
  print [devices|free|list,all]            display the partition table, or available devices, or free space, or all
        found partitions
  quit                                     exit program
  rescue START END                         rescue a lost partition near START and END
  resizepart NUMBER END                    resize partition NUMBER
  rm NUMBER                                delete partition NUMBER
  select DEVICE                            choose the device to edit
  disk_set FLAG STATE                      change the FLAG on selected device
  disk_toggle [FLAG]                       toggle the state of FLAG on selected device
  set NUMBER FLAG STATE                    change the FLAG on partition NUMBER
  toggle [NUMBER [FLAG]]                   toggle the state of FLAG on partition NUMBER
  type NUMBER TYPE-ID or TYPE-UUID         type set TYPE-ID or TYPE-UUID of partition NUMBER
  unit UNIT                                set the default unit to UNIT
  version                                  display the version number and copyright information of GNU Parted
(parted) rm 2
(parted) print
Model: Xen Virtual Block Device (xvd)
Disk /dev/xvda: 8590MB
Sector size (logical/physical): 512B/512B
Partition Table: gpt
Disk Flags:

Number  Start   End     Size    File system  Name  Flags
14      1049kB  5243kB  4194kB                     bios_grub
15      5243kB  116MB   111MB   fat32              boot, esp
16      116MB   1074MB  957MB   ext4               bls_boot
 1      1075MB  8590MB  7515MB  ext4

(parted) quit
Information: You may need to update /etc/fstab.

ubuntu@ip-172-31-17-181:~$ lsblk
NAME     MAJ:MIN RM  SIZE RO TYPE MOUNTPOINTS
loop0      7:0    0 25.2M  1 loop /snap/amazon-ssm-agent/7993
loop1      7:1    0 55.7M  1 loop /snap/core18/2829
loop2      7:2    0 38.8M  1 loop /snap/snapd/21759
xvda     202:0    0    8G  0 disk
├─xvda1  202:1    0    7G  0 part /
├─xvda14 202:14   0    4M  0 part
├─xvda15 202:15   0  106M  0 part /boot/efi
└─xvda16 259:0    0  913M  0 part /boot
ubuntu@ip-172-31-17-181:~$ rm -rf /dev/xvda
xvda    xvda1   xvda14  xvda15  xvda16
ubuntu@ip-172-31-17-181:~$ rm -rf /dev/xvda
xvda    xvda1   xvda14  xvda15  xvda16
ubuntu@ip-172-31-17-181:~$
ubuntu@ip-172-31-17-181:~$ sudo parted -l
Model: Xen Virtual Block Device (xvd)
Disk /dev/xvda: 8590MB
Sector size (logical/physical): 512B/512B
Partition Table: gpt
Disk Flags:

Number  Start   End     Size    File system  Name  Flags
14      1049kB  5243kB  4194kB                     bios_grub
15      5243kB  116MB   111MB   fat32              boot, esp
16      116MB   1074MB  957MB   ext4               bls_boot
 1      1075MB  8590MB  7515MB  ext4


ubuntu@ip-172-31-17-181:~$ sudo parted /dev/xvda2 mkpart primary ext4 1MiB 500MiB
Error: Could not stat device /dev/xvda2 - No such file or directory.
Retry/Cancel? ^C
ubuntu@ip-172-31-17-181:~$ sudo parted /dev/xvda mkpart primary ext4 1MiB 500MiB
Warning: You requested a partition from 1049kB to 524MB (sectors 2048..1023999).
The closest location we can manage is 1048kB to 1048kB (sectors 2047..2047).
Is this still acceptable to you?
Yes/No? Yes
Warning: The resulting partition is not properly aligned for best performance: 2047s % 2048s != 0s
Ignore/Cancel? Ignore
Information: You may need to update /etc/fstab.

ubuntu@ip-172-31-17-181:~$ sudo parted /dev/sdb print
Error: Could not stat device /dev/sdb - No such file or directory.
Retry/Cancel? Re^C
ubuntu@ip-172-31-17-181:~$ sudo parted /dev/xvda print
Model: Xen Virtual Block Device (xvd)
Disk /dev/xvda: 8590MB
Sector size (logical/physical): 512B/512B
Partition Table: gpt
Disk Flags:

Number  Start   End     Size    File system  Name     Flags
 2      1048kB  1049kB  512B                 primary
14      1049kB  5243kB  4194kB                        bios_grub
15      5243kB  116MB   111MB   fat32                 boot, esp
16      116MB   1074MB  957MB   ext4                  bls_boot
 1      1075MB  8590MB  7515MB  ext4

ubuntu@ip-172-31-17-181:~$ sudo parted
GNU Parted 3.6
Using /dev/xvda
Welcome to GNU Parted! Type 'help' to view a list of commands.
(parted) resizepart 2 4000
Error: Can't have overlapping partitions.
(parted) print
Model: Xen Virtual Block Device (xvd)
Disk /dev/xvda: 8590MB
Sector size (logical/physical): 512B/512B
Partition Table: gpt
Disk Flags:

Number  Start   End     Size    File system  Name     Flags
 2      1048kB  1049kB  512B                 primary
14      1049kB  5243kB  4194kB                        bios_grub
15      5243kB  116MB   111MB   fat32                 boot, esp
16      116MB   1074MB  957MB   ext4                  bls_boot
 1      1075MB  8590MB  7515MB  ext4

(parted) resizepart 2 4000KiB
Error: Can't have overlapping partitions.
(parted) rm 14
(parted) print
Model: Xen Virtual Block Device (xvd)
Disk /dev/xvda: 8590MB
Sector size (logical/physical): 512B/512B
Partition Table: gpt
Disk Flags:

Number  Start   End     Size    File system  Name     Flags
 2      1048kB  1049kB  512B                 primary
15      5243kB  116MB   111MB   fat32                 boot, esp
16      116MB   1074MB  957MB   ext4                  bls_boot
 1      1075MB  8590MB  7515MB  ext4

(parted) resizepart 2 4000KiB
(parted) print
Model: Xen Virtual Block Device (xvd)
Disk /dev/xvda: 8590MB
Sector size (logical/physical): 512B/512B
Partition Table: gpt
Disk Flags:

Number  Start   End     Size    File system  Name     Flags
 2      1048kB  4096kB  3048kB               primary
15      5243kB  116MB   111MB   fat32                 boot, esp
16      116MB   1074MB  957MB   ext4                  bls_boot
 1      1075MB  8590MB  7515MB  ext4

(parted) resizepart 2 5000KiB
(parted) print
Model: Xen Virtual Block Device (xvd)
Disk /dev/xvda: 8590MB
Sector size (logical/physical): 512B/512B
Partition Table: gpt
Disk Flags:

Number  Start   End     Size    File system  Name     Flags
 2      1048kB  5120kB  4072kB               primary
15      5243kB  116MB   111MB   fat32                 boot, esp
16      116MB   1074MB  957MB   ext4                  bls_boot
 1      1075MB  8590MB  7515MB  ext4

(parted) rm 15
Warning: Partition /dev/xvda15 is being used. Are you sure you want to continue?
Yes/No? No
(parted) ^C

Information: You may need to update /etc/fstab.

ubuntu@ip-172-31-17-181:~$ lsblk
NAME     MAJ:MIN RM  SIZE RO TYPE MOUNTPOINTS
loop0      7:0    0 25.2M  1 loop /snap/amazon-ssm-agent/7993
loop1      7:1    0 55.7M  1 loop /snap/core18/2829
loop2      7:2    0 38.8M  1 loop /snap/snapd/21759
xvda     202:0    0    8G  0 disk
├─xvda1  202:1    0    7G  0 part /
├─xvda2  202:2    0  3.9M  0 part
├─xvda15 202:15   0  106M  0 part /boot/efi
└─xvda16 259:0    0  913M  0 part /boot
ubuntu@ip-172-31-17-181:~$ sudo parted
GNU Parted 3.6
Using /dev/xvda
Welcome to GNU Parted! Type 'help' to view a list of commands.
(parted) print
Model: Xen Virtual Block Device (xvd)
Disk /dev/xvda: 8590MB
Sector size (logical/physical): 512B/512B
Partition Table: gpt
Disk Flags:

Number  Start   End     Size    File system  Name     Flags
 2      1048kB  5120kB  4072kB               primary
15      5243kB  116MB   111MB   fat32                 boot, esp
16      116MB   1074MB  957MB   ext4                  bls_boot
 1      1075MB  8590MB  7515MB  ext4

(parted) rm 15
Warning: Partition /dev/xvda15 is being used. Are you sure you want to continue?
Yes/No? YEs
Error: Partition(s) 15 on /dev/xvda have been written, but we have been unable to inform the kernel of the change, probably
because it/they are in use.  As a result, the old partition(s) will remain in use.  You should reboot now before making
further changes.
Ignore/Cancel? Ignore
(parted) print
Model: Xen Virtual Block Device (xvd)
Disk /dev/xvda: 8590MB
Sector size (logical/physical): 512B/512B
Partition Table: gpt
Disk Flags:

Number  Start   End     Size    File system  Name     Flags
 2      1048kB  5120kB  4072kB               primary
16      116MB   1074MB  957MB   ext4                  bls_boot
 1      1075MB  8590MB  7515MB  ext4

(parted) rm 16
Warning: Partition /dev/xvda16 is being used. Are you sure you want to continue?
Yes/No? Yes
Error: Partition(s) 15, 16 on /dev/xvda have been written, but we have been unable to inform the kernel of the change,
probably because it/they are in use.  As a result, the old partition(s) will remain in use.  You should reboot now before
making further changes.
Ignore/Cancel? Ignore
(parted) print
Model: Xen Virtual Block Device (xvd)
Disk /dev/xvda: 8590MB
Sector size (logical/physical): 512B/512B
Partition Table: gpt
Disk Flags:

Number  Start   End     Size    File system  Name     Flags
 2      1048kB  5120kB  4072kB               primary
 1      1075MB  8590MB  7515MB  ext4

(parted) resize 2 500MB
Error: The resize command has been removed in parted 3.0
(parted) resizepart 2 500MB
Error: Error informing the kernel about modifications to partition /dev/xvda2 -- Device or resource busy.  This means Linux
won't know about any changes you made to /dev/xvda2 until you reboot -- so you shouldn't mount it or use it in any way
before rebooting.
Ignore/Cancel? Ignore
Error: Partition(s) 15, 16 on /dev/xvda have been written, but we have been unable to inform the kernel of the change,
probably because it/they are in use.  As a result, the old partition(s) will remain in use.  You should reboot now before
making further changes.
Ignore/Cancel? Ignore
(parted) print
Model: Xen Virtual Block Device (xvd)
Disk /dev/xvda: 8590MB
Sector size (logical/physical): 512B/512B
Partition Table: gpt
Disk Flags:

Number  Start   End     Size    File system  Name     Flags
 2      1048kB  500MB   499MB                primary
 1      1075MB  8590MB  7515MB  ext4

(parted) ^C

Information: You may need to update /etc/fstab.

ubuntu@ip-172-31-17-181:~$
logout
Connection to ec2-3-15-200-140.us-east-2.compute.amazonaws.com closed.
➜  ~ ssh -i "SSH-key.pem" ubuntu@ec2-3-15-200-140.us-east-2.compute.amazonaws.com
Warning: Identity file SSH-key.pem not accessible: No such file or directory.
Welcome to Ubuntu 24.04.1 LTS (GNU/Linux 6.8.0-1016-aws x86_64)

 * Documentation:  https://help.ubuntu.com
 * Management:     https://landscape.canonical.com
 * Support:        https://ubuntu.com/pro

 System information as of Mon Oct 21 20:20:42 UTC 2024

  System load:  0.0               Processes:             105
  Usage of /:   23.2% of 6.71GB   Users logged in:       0
  Memory usage: 19%               IPv4 address for enX0: 172.31.17.181
  Swap usage:   0%


Expanded Security Maintenance for Applications is not enabled.

0 updates can be applied immediately.

Enable ESM Apps to receive additional future security updates.
See https://ubuntu.com/esm or run: sudo pro status


The list of available updates is more than a week old.
To check for new updates run: sudo apt update

Last login: Mon Oct 21 20:02:50 2024 from 209.107.196.11
ubuntu@ip-172-31-17-181:~$ df -h
Filesystem      Size  Used Avail Use% Mounted on
/dev/root       6.8G  1.6G  5.2G  24% /
tmpfs           479M     0  479M   0% /dev/shm
tmpfs           192M  896K  191M   1% /run
tmpfs           5.0M     0  5.0M   0% /run/lock
/dev/xvda16     881M   76M  744M  10% /boot
/dev/xvda15     105M  6.1M   99M   6% /boot/efi
tmpfs            96M   12K   96M   1% /run/user/1000
ubuntu@ip-172-31-17-181:~$ sudo parted /dev/sdb print
Error: Could not stat device /dev/sdb - No such file or directory.
Retry/Cancel? ^C
ubuntu@ip-172-31-17-181:~$ sudo parted /dev/xvda print
Model: Xen Virtual Block Device (xvd)
Disk /dev/xvda: 8590MB
Sector size (logical/physical): 512B/512B
Partition Table: gpt
Disk Flags:

Number  Start   End     Size    File system  Name     Flags
 2      1048kB  500MB   499MB                primary
 1      1075MB  8590MB  7515MB  ext4

ubuntu@ip-172-31-17-181:~$